Microchip MPLAB XC8 Compiler V3.10

Linker command line:

-W-3 \
  --edf=C:\Program Files\Microchip\xc8\v3.10\pic\dat\20250813170317_en.msgs \
  -cn -h+dist/default/production\Sem05_Serial.X.production.sym \
  --cmf=dist/default/production\Sem05_Serial.X.production.cmf -z -Q18F47Q10 \
  -oC:\Users\klnla\AppData\Local\Temp\xcAs87s.0\driver_tmp_3.o \
  --defsym=__MPLAB_BUILD=1 --fixupoverflow=error \
  -Mdist/default/production/Sem05_Serial.X.production.map \
  --md=C:\Users\klnla\AppData\Local\Temp\xcAs87s.0\driver_tmp_0.dat -E1 \
  -ver=XC8 Compiler -ACODE=00h-01FFFFh -ACONST=00h-01FFFFh \
  -ASMALLCONST=01000h-010FFhx240,011000h-0110FFhx240 \
  -AMEDIUMCONST=01000h-0FFFFh,011000h-01FFFFh -ACOMRAM=01h-05Fh \
  -AABS1=00h-0CFFh,0E00h-0E1Eh -ABIGRAM=01h-0CFFh,0E00h-0E1Eh \
  -ARAM=060h-0FFh,0100h-01FFhx12,0E00h-0E1Eh -ABANK0=060h-0FFh \
  -ABANK1=0100h-01FFh -ABANK2=0200h-02FFh -ABANK3=0300h-03FFh \
  -ABANK4=0400h-04FFh -ABANK5=0500h-05FFh -ABANK6=0600h-06FFh \
  -ABANK7=0700h-07FFh -ABANK8=0800h-08FFh -ABANK9=0900h-09FFh \
  -ABANK10=0A00h-0AFFh -ABANK11=0B00h-0BFFh -ABANK12=0C00h-0CFFh \
  -ABANK14=0E00h-0E1Eh \
  -ASFR=0D00h-0DFFh,0E1Fh-0EFFh,0F00h-0F5Fh,0F60h-0FFFh \
  -ABIGSFR=0D00h-0DFFh,0E1Fh-0FFFh -ACONFIG=0300000h-030000Bh \
  -AIDLOC=0200000h-02000FFh -AEEDATA=0310000h-03103FFh -peeprom_data=EEDATA \
  -preset_vec=00h,intcode=8h,intcodelo=18h,sivt_lo,sivt_hi=CODE \
  -ppowerup=CODE,init -pramtop=01000h -psmallconst=SMALLCONST \
  -pmediumconst=MEDIUMCONST -pconst=CONST -AFARRAM=00h-00h \
  -prdata=COMRAM,nvrram=COMRAM,nvbit=COMRAM,rbss=COMRAM,rbit=COMRAM \
  -pfarbss=FARRAM,fardata=FARRAM,nvFARRAM=FARRAM \
  -pintsave_regs=BIGRAM,bigbss=BIGRAM,bigdata=BIGRAM -pbss=RAM \
  -pidata=CODE,irdata=CODE,ibigdata=CODE,ifardata=CODE -prparam=COMRAM \
  C:\Users\klnla\AppData\Local\Temp\xcAs87s.0\driver_tmp_9.o \
  dist/default/production\Sem05_Serial.X.production.o 

Object code version is 3.11

Machine type is 18F47Q10



                Name                               Link     Load   Length Selector   Space Scale
C:\Users\klnla\AppData\Local\Temp\xcAs87s.0\driver_tmp_9.o
                config                           300000   300000        C        0       4
                init                              1FFFC    1FFFC        4     FFFE       0
                reset_vec                             0        0        4        0       0
dist/default/production\Sem05_Serial.X.production.o
                config                           300000   300000        C        0       4
                smallconst                         1000     1000       40      800       0
                text25                             1516     1516      12C      820       0
                text24                             13E2     13E2      134      820       0
                text23                             1922     1922       6E      820       0
                text22                             1726     1726       A2      820       0
                text21                             1C18     1C18       1C      820       0
                text20                             18B0     18B0       72      820       0
                text19                             1B78     1B78       32      820       0
                text18                             1B0E     1B0E       38      820       0
                text17                             1ACC     1ACC       42      820       0
                text16                             1C7C     1C7C        8      820       0
                text15                             183E     183E       72      820       0
                text14                             1990     1990       64      820       0
                text13                             1040     1040      3A2      820       0
                text12                             1B46     1B46       32      820       0
                text11                             17C8     17C8       76      820       0
                text10                             1C34     1C34       18      820       0
                text9                              1C5E     1C5E        E      820       0
                text8                              1A8A     1A8A       42      820       0
                text7                              1C74     1C74        8      820       0
                text6                              1C6C     1C6C        8      820       0
                text5                              1BAA     1BAA       30      820       0
                text4                              19F4     19F4       54      820       0
                text3                              1A48     1A48       42      820       0
                text2                              1BDA     1BDA       20      820       0
                text1                              1BFA     1BFA       1E      820       0
                text0                              1642     1642       E4      820       0
                cstackCOMRAM                          1        1       1B        1       1
                bssCOMRAM                            1C       1C        8        1       1
                cinit                              1C4C     1C4C       12      820       0

TOTAL           Name                               Link     Load   Length     Space
        CLASS   CODE           
                init                              1FFFC    1FFFC        4         0
                reset_vec                             0        0        4         0
                text25                             1516     1516      12C         0
                text24                             13E2     13E2      134         0
                text23                             1922     1922       6E         0
                text22                             1726     1726       A2         0
                text21                             1C18     1C18       1C         0
                text20                             18B0     18B0       72         0
                text19                             1B78     1B78       32         0
                text18                             1B0E     1B0E       38         0
                text17                             1ACC     1ACC       42         0
                text16                             1C7C     1C7C        8         0
                text15                             183E     183E       72         0
                text14                             1990     1990       64         0
                text13                             1040     1040      3A2         0
                text12                             1B46     1B46       32         0
                text11                             17C8     17C8       76         0
                text10                             1C34     1C34       18         0
                text9                              1C5E     1C5E        E         0
                text8                              1A8A     1A8A       42         0
                text7                              1C74     1C74        8         0
                text6                              1C6C     1C6C        8         0
                text5                              1BAA     1BAA       30         0
                text4                              19F4     19F4       54         0
                text3                              1A48     1A48       42         0
                text2                              1BDA     1BDA       20         0
                text1                              1BFA     1BFA       1E         0
                text0                              1642     1642       E4         0
                cinit                              1C4C     1C4C       12         0

        CLASS   CONST          

        CLASS   SMALLCONST     
                smallconst                         1000     1000       40         0

        CLASS   MEDIUMCONST    

        CLASS   COMRAM         
                cstackCOMRAM                          1        1       1B         1
                bssCOMRAM                            1C       1C        8         1

        CLASS   ABS1           

        CLASS   BIGRAM         

        CLASS   RAM            

        CLASS   BANK0          

        CLASS   BANK1          

        CLASS   BANK2          

        CLASS   BANK3          

        CLASS   BANK4          

        CLASS   BANK5          

        CLASS   BANK6          

        CLASS   BANK7          

        CLASS   BANK8          

        CLASS   BANK9          

        CLASS   BANK10         

        CLASS   BANK11         

        CLASS   BANK12         

        CLASS   BANK14         

        CLASS   SFR            

        CLASS   BIGSFR         

        CLASS   CONFIG         
                config                           300000   300000        C         4

        CLASS   IDLOC          

        CLASS   EEDATA         

        CLASS   FARRAM         

        CLASS   HEAP           

        CLASS   STACK          



SEGMENTS        Name                           Load    Length   Top    Selector   Space  Class

                reset_vec                      000000  000004  000004         0       0  CODE    
                cstackCOMRAM                   000001  000023  000024         1       1  COMRAM  
                smallconst                     001000  000040  001040       800       0  SMALLCON
                text13                         001040  000C44  001C84       820       0  CODE    
                init                           01FFFC  000004  020000      FFFE       0  CODE    


UNUSED ADDRESS RANGES

        Name                Unused          Largest block    Delta
        BANK0            000060-0000FF               A0
        BANK1            000100-0001FF              100
        BANK10           000A00-000AFF              100
        BANK11           000B00-000BFF              100
        BANK12           000C00-000CFF              100
        BANK14           000E00-000E1E               1F
        BANK2            000200-0002FF              100
        BANK3            000300-0003FF              100
        BANK4            000400-0004FF              100
        BANK5            000500-0005FF              100
        BANK6            000600-0006FF              100
        BANK7            000700-0007FF              100
        BANK8            000800-0008FF              100
        BANK9            000900-0009FF              100
        BIGRAM           000024-000CFF              CDC
                         000E00-000E1E               1F
        BIGSFR           000D00-000DFF              100
                         000E1F-000FFF              1E1
        CODE             000004-000FFF              FFC
                         001C84-01FFFB            1E378
        COMRAM           000024-00005F               3C
        CONST            000004-000FFF              FFC
                         001C84-01FFFB            1E378
        EEDATA           310000-3103FF              400
        IDLOC            200000-2000FF              100
        MEDIUMCONST      001C84-00FFFF             E37C
                         011000-01FFFB             EFFC
        RAM              000060-000CFF              100
                         000E00-000E1E               1F
        SFR              000D00-000DFF              100
                         000E1F-000FFF               E1
        SMALLCONST       001C84-00FFFF              100
                         011000-01FFFB              100

                                  Symbol Table

?_DHT_GetBoth                 cstackCOMRAM 000005
?___lwdiv                     cstackCOMRAM 000006
?___lwmod                     cstackCOMRAM 000001
?_strlen                      cstackCOMRAM 000001
CURSOR_ONOFF@estado           cstackCOMRAM 000004
DHT_Check@modelo              cstackCOMRAM 000001
DHT_Check@temp_x              cstackCOMRAM 000002
DHT_GetBoth@RH_Dec            cstackCOMRAM 00000B
DHT_GetBoth@RH_Ent            cstackCOMRAM 00000D
DHT_GetBoth@Temp_Dec          cstackCOMRAM 00000C
DHT_GetBoth@Temp_Ent          cstackCOMRAM 00000E
DHT_GetBoth@lectura           bssCOMRAM    00001C
DHT_GetBoth@modelo            cstackCOMRAM 00000F
DHT_Read@data                 cstackCOMRAM 000004
DHT_Read@modelo               cstackCOMRAM 000001
DHT_Read@temp_x               cstackCOMRAM 000003
DHT_Read@x                    cstackCOMRAM 000002
DHT_Start@modelo              cstackCOMRAM 000002
ENVIA_CHAR@aux                cstackCOMRAM 000003
ENVIA_CHAR@dato               cstackCOMRAM 000002
ENVIA_LCD_CMD@aux             cstackCOMRAM 000003
ENVIA_LCD_CMD@dato            cstackCOMRAM 000002
ENVIA_NIBBLE@dato             cstackCOMRAM 000001
ESCRIBE_MENSAJE2@cadena       cstackCOMRAM 000004
ESCRIBE_MENSAJE2@i            cstackCOMRAM 000007
ESCRIBE_MENSAJE2@tam          cstackCOMRAM 000006
LCD_ESCRIBE_VAR_INT@centena   cstackCOMRAM 000013
LCD_ESCRIBE_VAR_INT@d_millar  cstackCOMRAM 000011
LCD_ESCRIBE_VAR_INT@decena    cstackCOMRAM 000014
LCD_ESCRIBE_VAR_INT@millar    cstackCOMRAM 000012
LCD_ESCRIBE_VAR_INT@n_digitos cstackCOMRAM 00000F
LCD_ESCRIBE_VAR_INT@numero    cstackCOMRAM 00000D
LCD_ESCRIBE_VAR_INT@punto     cstackCOMRAM 000010
LCD_ESCRIBE_VAR_INT@unidad    cstackCOMRAM 000015
LEER_LCD@aux                  cstackCOMRAM 000001
POS_CURSOR@columna            cstackCOMRAM 000004
POS_CURSOR@fila               cstackCOMRAM 000005
U1_BYTE_SEND@dato             cstackCOMRAM 000001
U1_INIT@velocidad             cstackCOMRAM 000001
U1_STRING_SEND@cadena         cstackCOMRAM 000004
U1_STRING_SEND@i              cstackCOMRAM 000007
U1_STRING_SEND@tam            cstackCOMRAM 000006
_ANSELAbits                   (abs)        000F0C
_ANSELC                       (abs)        000F1C
_ANSELD                       (abs)        000F21
_ANSELDbits                   (abs)        000F21
_BAUD2CONbits                 (abs)        000E9A
_BORRAR_LCD                   text7        001C74
_CURSOR_HOME                  text6        001C6C
_CURSOR_ONOFF                 text5        001BAA
_DHT_Check                    text25       001516
_DHT_GetBoth                  text22       001726
_DHT_Read                     text24       0013E2
_DHT_Start                    text23       001922
_ENVIA_CHAR                   text19       001B78
_ENVIA_LCD_CMD                text12       001B46
_ENVIA_NIBBLE                 text21       001C18
_ESCRIBE_MENSAJE2             text17       001ACC
_Humedad                      bssCOMRAM    000020
_LATAbits                     (abs)        000F82
_LATCbits                     (abs)        000F84
_LATD                         (abs)        000F85
_LCD_CHAR_GRADO               text16       001C7C
_LCD_CONFIG                   text4        0019F4
_LCD_ESCRIBE_VAR_INT          text13       001040
_LCD_INIT                     text3        001A48
_LEER_LCD                     text20       0018B0
_OSCCON1                      (abs)        000ED3
_OSCEN                        (abs)        000ED7
_OSCFRQ                       (abs)        000ED9
_PIR3bits                     (abs)        000EC8
_PORTAbits                    (abs)        000F8C
_PORTD                        (abs)        000F8F
_POS_CURSOR                   text11       0017C8
_RC2STAbits                   (abs)        000E98
_RD0PPS                       (abs)        000EFA
_SP2BRGH                      (abs)        000E97
_SP2BRGL                      (abs)        000E96
_TRISAbits                    (abs)        000F87
_TRISC                        (abs)        000F89
_TRISD                        (abs)        000F8A
_TRISDbits                    (abs)        000F8A
_TX2REG                       (abs)        000E95
_TX2STAbits                   (abs)        000E99
_Temperatura                  bssCOMRAM    000022
_U1_BYTE_SEND                 text10       001C34
_U1_INIT                      text2        001BDA
_U1_NEWLINE                   text9        001C5E
_U1_STRING_SEND               text8        001A8A
__HRAM                        (abs)        000000
__H__absolute__               __absolute__ 000000
__Habs1                       abs1         000000
__Hbank0                      bank0        000000
__Hbank1                      bank1        000000
__Hbank10                     bank10       000000
__Hbank11                     bank11       000000
__Hbank12                     bank12       000000
__Hbank14                     bank14       000000
__Hbank2                      bank2        000000
__Hbank3                      bank3        000000
__Hbank4                      bank4        000000
__Hbank5                      bank5        000000
__Hbank6                      bank6        000000
__Hbank7                      bank7        000000
__Hbank8                      bank8        000000
__Hbank9                      bank9        000000
__Hbigbss                     bigbss       000000
__Hbigdata                    bigdata      000000
__Hbigram                     bigram       000000
__Hbigsfr                     bigsfr       000000
__Hbss                        bss          000000
__HbssCOMRAM                  bssCOMRAM    000000
__Hcinit                      cinit        000000
__Hclrtext                    clrtext      000000
__Hcomram                     comram       000000
__Hconfig                     config       30000C
__Hconst                      const        000000
__HcstackCOMRAM               cstackCOMRAM 000000
__Hdata                       data         000000
__Heeprom_data                eeprom_data  000000
__Hfarbss                     farbss       000000
__Hfardata                    fardata      000000
__Hheap                       heap         000000
__Hibigdata                   ibigdata     000000
__Hidata                      idata        000000
__Hidloc                      idloc        000000
__Hifardata                   ifardata     000000
__Hinit                       init         020000
__Hintcode                    intcode      000008
__Hintcode_body               intcode_body 000000
__Hintcodelo                  intcodelo    000018
__Hintentry                   intentry     000000
__Hintret                     intret       000000
__Hintsave_regs               intsave_regs 000000
__Hirdata                     irdata       000000
__Hmediumconst                mediumconst  000000
__HnvFARRAM                   nvFARRAM     000000
__Hnvbit                      nvbit        000000
__Hnvrram                     nvrram       000000
__Hparam                      rparam       000000
__Hpowerup                    powerup      000000
__Hram                        ram          000000
__Hramtop                     ramtop       001000
__Hrbit                       rbit         000000
__Hrbss                       rbss         000000
__Hrdata                      rdata        000000
__Hreset_vec                  reset_vec    000004
__Hrparam                     rparam       000000
__Hsfr                        sfr          000000
__Hsivt_hi                    sivt_hi      000000
__Hsivt_lo                    sivt_lo      000018
__Hsmallconst                 smallconst   001040
__Hspace_0                    (abs)        020000
__Hspace_1                    (abs)        000024
__Hspace_2                    (abs)        000000
__Hspace_4                    (abs)        60000C
__Hstack                      stack        000000
__Hstruct                     struct       000000
__Htemp                       temp         000000
__Htext                       text         000000
__Htext0                      text0        000000
__Htext1                      text1        000000
__Htext10                     text10       000000
__Htext11                     text11       000000
__Htext12                     text12       000000
__Htext13                     text13       000000
__Htext14                     text14       000000
__Htext15                     text15       000000
__Htext16                     text16       000000
__Htext17                     text17       000000
__Htext18                     text18       000000
__Htext19                     text19       000000
__Htext2                      text2        000000
__Htext20                     text20       000000
__Htext21                     text21       000000
__Htext22                     text22       000000
__Htext23                     text23       000000
__Htext24                     text24       000000
__Htext25                     text25       000000
__Htext3                      text3        000000
__Htext4                      text4        000000
__Htext5                      text5        000000
__Htext6                      text6        000000
__Htext7                      text7        000000
__Htext8                      text8        000000
__Htext9                      text9        000000
__LRAM                        (abs)        000001
__L__absolute__               __absolute__ 000000
__Labs1                       abs1         000000
__Lbank0                      bank0        000000
__Lbank1                      bank1        000000
__Lbank10                     bank10       000000
__Lbank11                     bank11       000000
__Lbank12                     bank12       000000
__Lbank14                     bank14       000000
__Lbank2                      bank2        000000
__Lbank3                      bank3        000000
__Lbank4                      bank4        000000
__Lbank5                      bank5        000000
__Lbank6                      bank6        000000
__Lbank7                      bank7        000000
__Lbank8                      bank8        000000
__Lbank9                      bank9        000000
__Lbigbss                     bigbss       000000
__Lbigdata                    bigdata      000000
__Lbigram                     bigram       000000
__Lbigsfr                     bigsfr       000000
__Lbss                        bss          000000
__LbssCOMRAM                  bssCOMRAM    000000
__Lcinit                      cinit        000000
__Lclrtext                    clrtext      000000
__Lcomram                     comram       000000
__Lconfig                     config       000000
__Lconst                      const        000000
__LcstackCOMRAM               cstackCOMRAM 000000
__Ldata                       data         000000
__Leeprom_data                eeprom_data  000000
__Lfarbss                     farbss       000000
__Lfardata                    fardata      000000
__Lheap                       heap         000000
__Libigdata                   ibigdata     000000
__Lidata                      idata        000000
__Lidloc                      idloc        000000
__Lifardata                   ifardata     000000
__Linit                       init         01FFFC
__Lintcode                    intcode      000008
__Lintcode_body               intcode_body 000000
__Lintcodelo                  intcodelo    000018
__Lintentry                   intentry     000000
__Lintret                     intret       000000
__Lintsave_regs               intsave_regs 000000
__Lirdata                     irdata       000000
__Lmediumconst                mediumconst  000000
__LnvFARRAM                   nvFARRAM     000000
__Lnvbit                      nvbit        000000
__Lnvrram                     nvrram       000000
__Lparam                      rparam       000000
__Lpowerup                    powerup      000000
__Lram                        ram          000000
__Lramtop                     ramtop       001000
__Lrbit                       rbit         000000
__Lrbss                       rbss         000000
__Lrdata                      rdata        000000
__Lreset_vec                  reset_vec    000000
__Lrparam                     rparam       000000
__Lsfr                        sfr          000000
__Lsivt_hi                    sivt_hi      000000
__Lsivt_lo                    sivt_lo      000018
__Lsmallconst                 smallconst   001000
__Lspace_0                    (abs)        000000
__Lspace_1                    (abs)        000000
__Lspace_2                    (abs)        000000
__Lspace_4                    (abs)        000000
__Lstack                      stack        000000
__Lstruct                     struct       000000
__Ltemp                       temp         000000
__Ltext                       text         000000
__Ltext0                      text0        000000
__Ltext1                      text1        000000
__Ltext10                     text10       000000
__Ltext11                     text11       000000
__Ltext12                     text12       000000
__Ltext13                     text13       000000
__Ltext14                     text14       000000
__Ltext15                     text15       000000
__Ltext16                     text16       000000
__Ltext17                     text17       000000
__Ltext18                     text18       000000
__Ltext19                     text19       000000
__Ltext2                      text2        000000
__Ltext20                     text20       000000
__Ltext21                     text21       000000
__Ltext22                     text22       000000
__Ltext23                     text23       000000
__Ltext24                     text24       000000
__Ltext25                     text25       000000
__Ltext3                      text3        000000
__Ltext4                      text4        000000
__Ltext5                      text5        000000
__Ltext6                      text6        000000
__Ltext7                      text7        000000
__Ltext8                      text8        000000
__Ltext9                      text9        000000
__S0                          (abs)        020000
__S1                          (abs)        000024
__S4                          (abs)        000000
__S5                          (abs)        000000
___heap_hi                    (abs)        000000
___heap_lo                    (abs)        000000
___inthi_sp                   stack        000000
___inthi_stack_hi             stack        000000
___inthi_stack_lo             stack        000000
___intlo_sp                   stack        000000
___intlo_stack_hi             stack        000000
___intlo_stack_lo             stack        000000
___lwdiv                      text15       00183E
___lwdiv@counter              cstackCOMRAM 00000C
___lwdiv@dividend             cstackCOMRAM 000006
___lwdiv@divisor              cstackCOMRAM 000008
___lwdiv@quotient             cstackCOMRAM 00000A
___lwmod                      text14       001990
___lwmod@counter              cstackCOMRAM 000005
___lwmod@dividend             cstackCOMRAM 000001
___lwmod@divisor              cstackCOMRAM 000003
___param_bank                 (abs)        000000
___rparam_used                (abs)        000001
___sp                         stack        000000
___stack_hi                   stack        000000
___stack_lo                   stack        000000
__accesstop                   (abs)        000060
__activetblptr                (abs)        000003
__end_of_BORRAR_LCD           text7        001C7C
__end_of_CURSOR_HOME          text6        001C74
__end_of_CURSOR_ONOFF         text5        001BDA
__end_of_DHT_Check            text25       001642
__end_of_DHT_GetBoth          text22       0017C8
__end_of_DHT_Read             text24       001516
__end_of_DHT_Start            text23       001990
__end_of_ENVIA_CHAR           text19       001BAA
__end_of_ENVIA_LCD_CMD        text12       001B78
__end_of_ENVIA_NIBBLE         text21       001C34
__end_of_ESCRIBE_MENSAJE2     text17       001B0E
__end_of_LCD_CHAR_GRADO       text16       001C84
__end_of_LCD_CONFIG           text4        001A48
__end_of_LCD_ESCRIBE_VAR_INT  text13       0013E2
__end_of_LCD_INIT             text3        001A8A
__end_of_LEER_LCD             text20       001922
__end_of_POS_CURSOR           text11       00183E
__end_of_U1_BYTE_SEND         text10       001C4C
__end_of_U1_INIT              text2        001BFA
__end_of_U1_NEWLINE           text9        001C6C
__end_of_U1_STRING_SEND       text8        001ACC
__end_of___lwdiv              text15       0018B0
__end_of___lwmod              text14       0019F4
__end_of__initialization      cinit        001C58
__end_of_configuro            text1        001C18
__end_of_main                 text0        001726
__end_of_strlen               text18       001B46
__initialization              cinit        001C4C
__mediumconst                 smallconst   001000
__pbssCOMRAM                  bssCOMRAM    00001C
__pcinit                      cinit        001C4C
__pcstackCOMRAM               cstackCOMRAM 000001
__psmallconst                 smallconst   001000
__ptext0                      text0        001642
__ptext1                      text1        001BFA
__ptext10                     text10       001C34
__ptext11                     text11       0017C8
__ptext12                     text12       001B46
__ptext13                     text13       001040
__ptext14                     text14       001990
__ptext15                     text15       00183E
__ptext16                     text16       001C7C
__ptext17                     text17       001ACC
__ptext18                     text18       001B0E
__ptext19                     text19       001B78
__ptext2                      text2        001BDA
__ptext20                     text20       0018B0
__ptext21                     text21       001C18
__ptext22                     text22       001726
__ptext23                     text23       001922
__ptext24                     text24       0013E2
__ptext25                     text25       001516
__ptext3                      text3        001A48
__ptext4                      text4        0019F4
__ptext5                      text5        001BAA
__ptext6                      text6        001C6C
__ptext7                      text7        001C74
__ptext8                      text8        001A8A
__ptext9                      text9        001C5E
__ramtop                      ramtop       001000
__smallconst                  smallconst   001000
_configuro                    text1        001BFA
_main                         text0        001642
_strlen                       text18       001B0E
end_of_initialization         cinit        001C58
intlevel0                     text         000000
intlevel1                     text         000000
intlevel2                     text         000000
intlevel3                     text         000000
isa$std                       (abs)        000001
isa$xinst                     (abs)        000000
main@actuales                 cstackCOMRAM 000018
stackhi                       (abs)        000000
stacklo                       (abs)        000000
start                         init         01FFFC
start_initialization          cinit        001C4C
strlen@a                      cstackCOMRAM 000003
strlen@s                      cstackCOMRAM 000001


MODULE INFORMATION

Module		Function		Class		Link	Load	Size
C:\Program Files\Microchip\xc8\v3.10\pic\sources\c99\common\lwmod.c
		___lwmod       		CODE           	1990	0000	100

C:\Program Files\Microchip\xc8\v3.10\pic\sources\c99\common\lwmod.c estimated size: 100

C:\Program Files\Microchip\xc8\v3.10\pic\sources\c99\common\lwdiv.c
		___lwdiv       		CODE           	183E	0000	114

C:\Program Files\Microchip\xc8\v3.10\pic\sources\c99\common\lwdiv.c estimated size: 114

LIB_UART.c
		_U1_STRING_SEND		CODE           	1A8A	0000	66
		_U1_BYTE_SEND  		CODE           	1C34	0000	24
		_U1_INIT       		CODE           	1BDA	0000	32
		_U1_NEWLINE    		CODE           	1C5E	0000	14

LIB_UART.c estimated size: 136

shared
		__initialization		CODE           	1C4C	0000	12

shared estimated size: 12

C:\Program Files\Microchip\xc8\v3.10\pic\sources\c99\common\strlen.c
		_strlen        		CODE           	1B0E	0000	56

C:\Program Files\Microchip\xc8\v3.10\pic\sources\c99\common\strlen.c estimated size: 56

LIB_DHT.c
		_DHT_Start     		CODE           	1922	0000	110
		_DHT_Read      		CODE           	13E2	0000	308
		_DHT_Check     		CODE           	1516	0000	300
		_DHT_GetBoth   		CODE           	1726	0000	162

LIB_DHT.c estimated size: 880

maincode01.c
		_configuro     		CODE           	1BFA	0000	30
		_main          		CODE           	1642	0000	228

maincode01.c estimated size: 258

LCD.c
		_ENVIA_NIBBLE  		CODE           	1C18	0000	28
		_LCD_INIT      		CODE           	1A48	0000	66
		_ENVIA_CHAR    		CODE           	1B78	0000	50
		_CURSOR_HOME   		CODE           	1C6C	0000	8
		_CURSOR_ONOFF  		CODE           	1BAA	0000	48
		_POS_CURSOR    		CODE           	17C8	0000	118
		_LCD_CHAR_GRADO		CODE           	1C7C	0000	8
		_ENVIA_LCD_CMD 		CODE           	1B46	0000	50
		_LCD_CONFIG    		CODE           	19F4	0000	84
		_BORRAR_LCD    		CODE           	1C74	0000	8
		_ESCRIBE_MENSAJE2		CODE           	1ACC	0000	66
		_LCD_ESCRIBE_VAR_INT		CODE           	1040	0000	930
		_LEER_LCD      		CODE           	18B0	0000	114

LCD.c estimated size: 1578

