Microchip MPLAB XC8 Compiler V3.10

Linker command line:

-W-3 \
  --edf=C:\Program Files\Microchip\xc8\v3.10\pic\dat\20250813170317_en.msgs \
  -cn -h+dist/default/production\Sem05_DAC.X.production.sym \
  --cmf=dist/default/production\Sem05_DAC.X.production.cmf -z -Q18F47Q10 \
  -oC:\Users\klnla\AppData\Local\Temp\xcBsf2k.1\driver_tmp_3.o \
  --defsym=__MPLAB_BUILD=1 --fixupoverflow=error \
  -Mdist/default/production/Sem05_DAC.X.production.map \
  --md=C:\Users\klnla\AppData\Local\Temp\xcBsf2k.1\driver_tmp_0.dat -E1 \
  -ver=XC8 Compiler -ACODE=00h-01FFFFh -ACONST=00h-01FFFFh \
  -ASMALLCONST=01000h-010FFhx240,011000h-0110FFhx240 \
  -AMEDIUMCONST=01000h-0FFFFh,011000h-01FFFFh -ACOMRAM=01h-05Fh \
  -AABS1=00h-0CFFh,0E00h-0E1Eh -ABIGRAM=01h-0CFFh,0E00h-0E1Eh \
  -ARAM=060h-0FFh,0100h-01FFhx12,0E00h-0E1Eh -ABANK0=060h-0FFh \
  -ABANK1=0100h-01FFh -ABANK2=0200h-02FFh -ABANK3=0300h-03FFh \
  -ABANK4=0400h-04FFh -ABANK5=0500h-05FFh -ABANK6=0600h-06FFh \
  -ABANK7=0700h-07FFh -ABANK8=0800h-08FFh -ABANK9=0900h-09FFh \
  -ABANK10=0A00h-0AFFh -ABANK11=0B00h-0BFFh -ABANK12=0C00h-0CFFh \
  -ABANK14=0E00h-0E1Eh \
  -ASFR=0D00h-0DFFh,0E1Fh-0EFFh,0F00h-0F5Fh,0F60h-0FFFh \
  -ABIGSFR=0D00h-0DFFh,0E1Fh-0FFFh -ACONFIG=0300000h-030000Bh \
  -AIDLOC=0200000h-02000FFh -AEEDATA=0310000h-03103FFh -peeprom_data=EEDATA \
  -preset_vec=00h,intcode=8h,intcodelo=18h,sivt_lo,sivt_hi=CODE \
  -ppowerup=CODE,init -pramtop=01000h -psmallconst=SMALLCONST \
  -pmediumconst=MEDIUMCONST -pconst=CONST -AFARRAM=00h-00h \
  -prdata=COMRAM,nvrram=COMRAM,nvbit=COMRAM,rbss=COMRAM,rbit=COMRAM \
  -pfarbss=FARRAM,fardata=FARRAM,nvFARRAM=FARRAM \
  -pintsave_regs=BIGRAM,bigbss=BIGRAM,bigdata=BIGRAM -pbss=RAM \
  -pidata=CODE,irdata=CODE,ibigdata=CODE,ifardata=CODE -prparam=COMRAM \
  C:\Users\klnla\AppData\Local\Temp\xcBsf2k.1\driver_tmp_9.o \
  dist/default/production\Sem05_DAC.X.production.o 

Object code version is 3.11

Machine type is 18F47Q10



                Name                               Link     Load   Length Selector   Space Scale
C:\Users\klnla\AppData\Local\Temp\xcBsf2k.1\driver_tmp_9.o
                config                           300000   300000        C        0       4
                init                                 7A       7A        4        4       0
                reset_vec                             0        0        4        0       0
dist/default/production\Sem05_DAC.X.production.o
                intcode                               8        8       72        4       0
                config                           300000   300000        C        0       4
                smallconst                         1000     1000       10      800       0
                text15                             150A     150A       1C      808       0
                text14                             12E8     12E8       72      808       0
                text13                             1452     1452       32      808       0
                text12                             153E     153E        8      808       0
                text11                             1536     1536        8      808       0
                text10                             14B4     14B4       30      808       0
                text9                              135A     135A       54      808       0
                text8                              13AE     13AE       3A      808       0
                text7                              1484     1484       30      808       0
                text6                              1420     1420       32      808       0
                text5                              13E8     13E8       38      808       0
                text4                              1272     1272       76      808       0
                text3                              1104     1104       C0      808       0
                text2                              11C4     11C4       AE      808       0
                text1                              1010     1010       F4      808       0
                text0                              1526     1526       10      808       0
                cstackCOMRAM                          2        2        E        2       1
                dataCOMRAM                           12       12        2        2       1
                bssCOMRAM                            10       10        2        2       1
                cinit                              14E4     14E4       26      808       0
                idataCOMRAM                        1546     1546        2      808       0

TOTAL           Name                               Link     Load   Length     Space
        CLASS   CODE           
                intcode                               8        8       72         0
                init                                 7A       7A        4         0
                reset_vec                             0        0        4         0
                text15                             150A     150A       1C         0
                text14                             12E8     12E8       72         0
                text13                             1452     1452       32         0
                text12                             153E     153E        8         0
                text11                             1536     1536        8         0
                text10                             14B4     14B4       30         0
                text9                              135A     135A       54         0
                text8                              13AE     13AE       3A         0
                text7                              1484     1484       30         0
                text6                              1420     1420       32         0
                text5                              13E8     13E8       38         0
                text4                              1272     1272       76         0
                text3                              1104     1104       C0         0
                text2                              11C4     11C4       AE         0
                text1                              1010     1010       F4         0
                text0                              1526     1526       10         0
                cinit                              14E4     14E4       26         0
                idataCOMRAM                        1546     1546        2         0

        CLASS   CONST          

        CLASS   SMALLCONST     
                smallconst                         1000     1000       10         0

        CLASS   MEDIUMCONST    

        CLASS   COMRAM         
                cstackCOMRAM                          2        2        E         1
                dataCOMRAM                           12       12        2         1
                bssCOMRAM                            10       10        2         1

        CLASS   ABS1           
                abs_s1                                1        1        1         1

        CLASS   BIGRAM         

        CLASS   RAM            

        CLASS   BANK0          

        CLASS   BANK1          

        CLASS   BANK2          

        CLASS   BANK3          

        CLASS   BANK4          

        CLASS   BANK5          

        CLASS   BANK6          

        CLASS   BANK7          

        CLASS   BANK8          

        CLASS   BANK9          

        CLASS   BANK10         

        CLASS   BANK11         

        CLASS   BANK12         

        CLASS   BANK14         

        CLASS   SFR            

        CLASS   BIGSFR         

        CLASS   CONFIG         
                config                           300000   300000        C         4

        CLASS   IDLOC          

        CLASS   EEDATA         

        CLASS   FARRAM         

        CLASS   HEAP           

        CLASS   STACK          



SEGMENTS        Name                           Load    Length   Top    Selector   Space  Class

                reset_vec                      000000  000004  000004         0       0  CODE    
                cstackCOMRAM                   000002  000012  000014         2       1  COMRAM  
                intcode                        000008  000076  00007E         4       0  CODE    
                smallconst                     001000  000010  001010       800       0  SMALLCON
                text1                          001010  000538  001548       808       0  CODE    


UNUSED ADDRESS RANGES

        Name                Unused          Largest block    Delta
        BANK0            000060-0000FF               A0
        BANK1            000100-0001FF              100
        BANK10           000A00-000AFF              100
        BANK11           000B00-000BFF              100
        BANK12           000C00-000CFF              100
        BANK14           000E00-000E1E               1F
        BANK2            000200-0002FF              100
        BANK3            000300-0003FF              100
        BANK4            000400-0004FF              100
        BANK5            000500-0005FF              100
        BANK6            000600-0006FF              100
        BANK7            000700-0007FF              100
        BANK8            000800-0008FF              100
        BANK9            000900-0009FF              100
        BIGRAM           000014-000CFF              CEC
                         000E00-000E1E               1F
        BIGSFR           000D00-000DFF              100
                         000E1F-000FFF              1E1
        CODE             000004-000007                4
                         00007E-000FFF              F82
                         001548-01FFFF            1EAB8
        COMRAM           000014-00005F               4C
        CONST            000004-000007                4
                         00007E-000FFF              F82
                         001548-01FFFF            1EAB8
        EEDATA           310000-3103FF              400
        IDLOC            200000-2000FF              100
        MEDIUMCONST      001548-00FFFF             EAB8
                         011000-01FFFF             F000
        RAM              000060-000CFF              100
                         000E00-000E1E               1F
        SFR              000D00-000DFF              100
                         000E1F-000FFF               E1
        SMALLCONST       001548-00FFFF              100
                         011000-01FFFF              100

                                  Symbol Table

?___awdiv                   cstackCOMRAM 000002
?___awmod                   cstackCOMRAM 000002
CURSOR_ONOFF@estado         cstackCOMRAM 000005
ENVIA_CHAR@aux              cstackCOMRAM 00000B
ENVIA_CHAR@dato             cstackCOMRAM 00000A
ENVIA_LCD_CMD@aux           cstackCOMRAM 000004
ENVIA_LCD_CMD@dato          cstackCOMRAM 000003
ENVIA_NIBBLE@dato           cstackCOMRAM 000002
ESCRIBE_MENSAJE@cadena      cstackCOMRAM 00000C
ESCRIBE_MENSAJE@i           cstackCOMRAM 00000F
ESCRIBE_MENSAJE@tam         cstackCOMRAM 00000D
LEER_LCD@aux                cstackCOMRAM 000002
POS_CURSOR@columna          cstackCOMRAM 000005
POS_CURSOR@fila             cstackCOMRAM 000006
_ANSELD                     (abs)        000F21
_BORRAR_LCD                 text12       00153E
_CCP1CON                    (abs)        000FAB
_CCP1_ISR                   intcode      000008
_CCPR1H                     (abs)        000FAA
_CCPR1L                     (abs)        000FA9
_CURSOR_HOME                text11       001536
_CURSOR_ONOFF               text10       0014B4
_ENVIA_CHAR                 text6        001420
_ENVIA_LCD_CMD              text13       001452
_ENVIA_NIBBLE               text15       00150A
_ESCRIBE_MENSAJE            text5        0013E8
_INTCONbits                 (abs)        000FF2
_LATD                       (abs)        000F85
_LATDbits                   (abs)        000F85
_LCD_CONFIG                 text9        00135A
_LCD_INIT                   text8        0013AE
_LEER_LCD                   text14       0012E8
_OSCCON1                    (abs)        000ED3
_OSCEN                      (abs)        000ED7
_OSCFRQ                     (abs)        000ED9
_PIE6bits                   (abs)        000EC3
_PIR6bits                   (abs)        000ECB
_PORTD                      (abs)        000F8F
_POS_CURSOR                 text4        001272
_T1CON                      (abs)        000FCE
_TMR1CLK                    (abs)        000FD1
_TRISD                      (abs)        000F8A
__HRAM                      (abs)        000000
__H__absolute__             __absolute__ 000000
__Habs1                     abs1         000000
__Hbank0                    bank0        000000
__Hbank1                    bank1        000000
__Hbank10                   bank10       000000
__Hbank11                   bank11       000000
__Hbank12                   bank12       000000
__Hbank14                   bank14       000000
__Hbank2                    bank2        000000
__Hbank3                    bank3        000000
__Hbank4                    bank4        000000
__Hbank5                    bank5        000000
__Hbank6                    bank6        000000
__Hbank7                    bank7        000000
__Hbank8                    bank8        000000
__Hbank9                    bank9        000000
__Hbigbss                   bigbss       000000
__Hbigdata                  bigdata      000000
__Hbigram                   bigram       000000
__Hbigsfr                   bigsfr       000000
__Hbss                      bss          000000
__HbssCOMRAM                bssCOMRAM    000000
__Hcinit                    cinit        000000
__Hclrtext                  clrtext      000000
__Hcomram                   comram       000000
__Hconfig                   config       30000C
__Hconst                    const        000000
__HcstackCOMRAM             cstackCOMRAM 000000
__Hdata                     data         000000
__HdataCOMRAM               dataCOMRAM   000000
__Heeprom_data              eeprom_data  000000
__Hfarbss                   farbss       000000
__Hfardata                  fardata      000000
__Hheap                     heap         000000
__Hibigdata                 ibigdata     000000
__Hidata                    idata        000000
__HidataCOMRAM              idataCOMRAM  000000
__Hidloc                    idloc        000000
__Hifardata                 ifardata     000000
__Hinit                     init         00007E
__Hintcode                  intcode      00007A
__Hintcode_body             intcode_body 000000
__Hintcodelo                intcodelo    000018
__Hintentry                 intentry     000000
__Hintret                   intret       000000
__Hintsave_regs             intsave_regs 000000
__Hirdata                   irdata       000000
__Hmediumconst              mediumconst  000000
__HnvFARRAM                 nvFARRAM     000000
__Hnvbit                    nvbit        000000
__Hnvrram                   nvrram       000000
__Hparam                    rparam       000000
__Hpowerup                  powerup      000000
__Hram                      ram          000000
__Hramtop                   ramtop       001000
__Hrbit                     rbit         000000
__Hrbss                     rbss         000000
__Hrdata                    rdata        000000
__Hreset_vec                reset_vec    000004
__Hrparam                   rparam       000000
__Hsfr                      sfr          000000
__Hsivt_hi                  sivt_hi      000000
__Hsivt_lo                  sivt_lo      000018
__Hsmallconst               smallconst   001010
__Hspace_0                  (abs)        001548
__Hspace_1                  (abs)        000014
__Hspace_2                  (abs)        000000
__Hspace_4                  (abs)        60000C
__Hstack                    stack        000000
__Hstruct                   struct       000000
__Htemp                     temp         000000
__Htext                     text         000000
__Htext0                    text0        000000
__Htext1                    text1        000000
__Htext10                   text10       000000
__Htext11                   text11       000000
__Htext12                   text12       000000
__Htext13                   text13       000000
__Htext14                   text14       000000
__Htext15                   text15       000000
__Htext2                    text2        000000
__Htext3                    text3        000000
__Htext4                    text4        000000
__Htext5                    text5        000000
__Htext6                    text6        000000
__Htext7                    text7        000000
__Htext8                    text8        000000
__Htext9                    text9        000000
__LRAM                      (abs)        000001
__L__absolute__             __absolute__ 000000
__Labs1                     abs1         000000
__Lbank0                    bank0        000000
__Lbank1                    bank1        000000
__Lbank10                   bank10       000000
__Lbank11                   bank11       000000
__Lbank12                   bank12       000000
__Lbank14                   bank14       000000
__Lbank2                    bank2        000000
__Lbank3                    bank3        000000
__Lbank4                    bank4        000000
__Lbank5                    bank5        000000
__Lbank6                    bank6        000000
__Lbank7                    bank7        000000
__Lbank8                    bank8        000000
__Lbank9                    bank9        000000
__Lbigbss                   bigbss       000000
__Lbigdata                  bigdata      000000
__Lbigram                   bigram       000000
__Lbigsfr                   bigsfr       000000
__Lbss                      bss          000000
__LbssCOMRAM                bssCOMRAM    000000
__Lcinit                    cinit        000000
__Lclrtext                  clrtext      000000
__Lcomram                   comram       000000
__Lconfig                   config       000000
__Lconst                    const        000000
__LcstackCOMRAM             cstackCOMRAM 000000
__Ldata                     data         000000
__LdataCOMRAM               dataCOMRAM   000000
__Leeprom_data              eeprom_data  000000
__Lfarbss                   farbss       000000
__Lfardata                  fardata      000000
__Lheap                     heap         000000
__Libigdata                 ibigdata     000000
__Lidata                    idata        000000
__LidataCOMRAM              idataCOMRAM  000000
__Lidloc                    idloc        000000
__Lifardata                 ifardata     000000
__Linit                     init         00007A
__Lintcode                  intcode      000008
__Lintcode_body             intcode_body 000000
__Lintcodelo                intcodelo    000018
__Lintentry                 intentry     000000
__Lintret                   intret       000000
__Lintsave_regs             intsave_regs 000000
__Lirdata                   irdata       000000
__Lmediumconst              mediumconst  000000
__LnvFARRAM                 nvFARRAM     000000
__Lnvbit                    nvbit        000000
__Lnvrram                   nvrram       000000
__Lparam                    rparam       000000
__Lpowerup                  powerup      000000
__Lram                      ram          000000
__Lramtop                   ramtop       001000
__Lrbit                     rbit         000000
__Lrbss                     rbss         000000
__Lrdata                    rdata        000000
__Lreset_vec                reset_vec    000000
__Lrparam                   rparam       000000
__Lsfr                      sfr          000000
__Lsivt_hi                  sivt_hi      000000
__Lsivt_lo                  sivt_lo      000018
__Lsmallconst               smallconst   001000
__Lspace_0                  (abs)        000000
__Lspace_1                  (abs)        000000
__Lspace_2                  (abs)        000000
__Lspace_4                  (abs)        000000
__Lstack                    stack        000000
__Lstruct                   struct       000000
__Ltemp                     temp         000000
__Ltext                     text         000000
__Ltext0                    text0        000000
__Ltext1                    text1        000000
__Ltext10                   text10       000000
__Ltext11                   text11       000000
__Ltext12                   text12       000000
__Ltext13                   text13       000000
__Ltext14                   text14       000000
__Ltext15                   text15       000000
__Ltext2                    text2        000000
__Ltext3                    text3        000000
__Ltext4                    text4        000000
__Ltext5                    text5        000000
__Ltext6                    text6        000000
__Ltext7                    text7        000000
__Ltext8                    text8        000000
__Ltext9                    text9        000000
__S0                        (abs)        001548
__S1                        (abs)        000014
__S4                        (abs)        000000
__S5                        (abs)        000000
___awdiv                    text3        001104
___awdiv@counter            cstackCOMRAM 000006
___awdiv@dividend           cstackCOMRAM 000002
___awdiv@divisor            cstackCOMRAM 000004
___awdiv@quotient           cstackCOMRAM 000008
___awdiv@sign               cstackCOMRAM 000007
___awmod                    text2        0011C4
___awmod@counter            cstackCOMRAM 000006
___awmod@dividend           cstackCOMRAM 000002
___awmod@divisor            cstackCOMRAM 000004
___awmod@sign               cstackCOMRAM 000007
___heap_hi                  (abs)        000000
___heap_lo                  (abs)        000000
___inthi_sp                 stack        000000
___inthi_stack_hi           stack        000000
___inthi_stack_lo           stack        000000
___intlo_sp                 stack        000000
___intlo_stack_hi           stack        000000
___intlo_stack_lo           stack        000000
___param_bank               (abs)        000000
___rparam_used              (abs)        000001
___sp                       stack        000000
___stack_hi                 stack        000000
___stack_lo                 stack        000000
__accesstop                 (abs)        000060
__activetblptr              (abs)        000003
__end_of_BORRAR_LCD         text12       001546
__end_of_CCP1_ISR           intcode      00007A
__end_of_CURSOR_HOME        text11       00153E
__end_of_CURSOR_ONOFF       text10       0014E4
__end_of_ENVIA_CHAR         text6        001452
__end_of_ENVIA_LCD_CMD      text13       001484
__end_of_ENVIA_NIBBLE       text15       001526
__end_of_ESCRIBE_MENSAJE    text5        001420
__end_of_LCD_CONFIG         text9        0013AE
__end_of_LCD_INIT           text8        0013E8
__end_of_LEER_LCD           text14       00135A
__end_of_POS_CURSOR         text4        0012E8
__end_of___awdiv            text3        0011C4
__end_of___awmod            text2        001272
__end_of__initialization    cinit        001500
__end_of_configuro          text7        0014B4
__end_of_main               text0        001536
__end_of_visualizacion_hora text1        001104
__initialization            cinit        0014E4
__mediumconst               smallconst   001000
__pbssCOMRAM                bssCOMRAM    000010
__pcinit                    cinit        0014E4
__pcstackCOMRAM             cstackCOMRAM 000002
__pdataCOMRAM               dataCOMRAM   000012
__pidataCOMRAM              idataCOMRAM  001546
__pintcode                  intcode      000008
__psmallconst               smallconst   001000
__ptext0                    text0        001526
__ptext1                    text1        001010
__ptext10                   text10       0014B4
__ptext11                   text11       001536
__ptext12                   text12       00153E
__ptext13                   text13       001452
__ptext14                   text14       0012E8
__ptext15                   text15       00150A
__ptext2                    text2        0011C4
__ptext3                    text3        001104
__ptext4                    text4        001272
__ptext5                    text5        0013E8
__ptext6                    text6        001420
__ptext7                    text7        001484
__ptext8                    text8        0013AE
__ptext9                    text9        00135A
__ramtop                    ramtop       001000
__smallconst                smallconst   001000
_centesimas                 bssCOMRAM    000010
_configuro                  text7        001484
_horas                      dataCOMRAM   000013
_main                       text0        001526
_minutos                    dataCOMRAM   000012
_segundos                   bssCOMRAM    000011
_visualizacion_hora         text1        001010
btemp                       (abs)        000001
btemp0                      (abs)        000001
btemp1                      (abs)        000002
end_of_initialization       cinit        001500
int$flags                   (abs)        000001
intlevel0                   text         000000
intlevel1                   text         000000
intlevel2                   text         000000
intlevel3                   text         000000
isa$std                     (abs)        000001
isa$xinst                   (abs)        000000
stackhi                     (abs)        000000
stacklo                     (abs)        000000
start                       init         00007A
start_initialization        cinit        0014E4


MODULE INFORMATION

Module		Function		Class		Link	Load	Size
C:\Program Files\Microchip\xc8\v3.10\pic\sources\c99\common\awmod.c
		___awmod       		CODE           	11C4	0000	174

C:\Program Files\Microchip\xc8\v3.10\pic\sources\c99\common\awmod.c estimated size: 174

C:\Program Files\Microchip\xc8\v3.10\pic\sources\c99\common\awdiv.c
		___awdiv       		CODE           	1104	0000	192

C:\Program Files\Microchip\xc8\v3.10\pic\sources\c99\common\awdiv.c estimated size: 192

shared
		__initialization		CODE           	14E4	0000	28

shared estimated size: 28

maincode05.c
		_configuro     		CODE           	1484	0000	48
		_visualizacion_hora		CODE           	1010	0000	244
		_main          		CODE           	1526	0000	16
		_CCP1_ISR      		CODE           	0008	0000	114

maincode05.c estimated size: 422

LCD.c
		_ENVIA_NIBBLE  		CODE           	150A	0000	28
		_LCD_INIT      		CODE           	13AE	0000	58
		_ENVIA_CHAR    		CODE           	1420	0000	50
		_CURSOR_HOME   		CODE           	1536	0000	8
		_CURSOR_ONOFF  		CODE           	14B4	0000	48
		_POS_CURSOR    		CODE           	1272	0000	118
		_ESCRIBE_MENSAJE		CODE           	13E8	0000	56
		_ENVIA_LCD_CMD 		CODE           	1452	0000	50
		_LCD_CONFIG    		CODE           	135A	0000	84
		_BORRAR_LCD    		CODE           	153E	0000	8
		_LEER_LCD      		CODE           	12E8	0000	114

LCD.c estimated size: 622

