Microchip MPLAB XC8 Compiler V3.10

Linker command line:

-W-3 \
  --edf=C:\Program Files\Microchip\xc8\v3.10\pic\dat\20250813170317_en.msgs \
  -cn -h+dist/default/debug\Sem04_LCD.X.debug.sym \
  --cmf=dist/default/debug\Sem04_LCD.X.debug.cmf -z -Q18F47Q10 \
  -oC:\Users\klnla\AppData\Local\Temp\xcAsh0.0\driver_tmp_3.o \
  --defsym=__MPLAB_BUILD=1 --fixupoverflow=error \
  -Mdist/default/debug/Sem04_LCD.X.debug.map \
  --md=C:\Users\klnla\AppData\Local\Temp\xcAsh0.0\driver_tmp_0.dat -E1 \
  -ver=XC8 Compiler -ACODE=00h-01FFFFh -ACONST=00h-01FFFFh \
  -ASMALLCONST=01000h-010FFhx240,011000h-0110FFhx240 \
  -AMEDIUMCONST=01000h-0FFFFh,011000h-01FFFFh -ACOMRAM=01h-05Fh \
  -AABS1=00h-0CFFh,0E00h-0E1Eh -ABIGRAM=01h-0CFFh,0E00h-0E1Eh \
  -ARAM=060h-0FFh,0100h-01FFhx12,0E00h-0E1Eh -ABANK0=060h-0FFh \
  -ABANK1=0100h-01FFh -ABANK2=0200h-02FFh -ABANK3=0300h-03FFh \
  -ABANK4=0400h-04FFh -ABANK5=0500h-05FFh -ABANK6=0600h-06FFh \
  -ABANK7=0700h-07FFh -ABANK8=0800h-08FFh -ABANK9=0900h-09FFh \
  -ABANK10=0A00h-0AFFh -ABANK11=0B00h-0BFFh -ABANK12=0C00h-0CFFh \
  -ABANK14=0E00h-0E1Eh \
  -ASFR=0D00h-0DFFh,0E1Fh-0EFFh,0F00h-0F5Fh,0F60h-0FFFh \
  -ABIGSFR=0D00h-0DFFh,0E1Fh-0FFFh -ACONFIG=0300000h-030000Bh \
  -AIDLOC=0200000h-02000FFh -AEEDATA=0310000h-03103FFh -peeprom_data=EEDATA \
  -preset_vec=00h,intcode=8h,intcodelo=18h,sivt_lo,sivt_hi=CODE \
  -ppowerup=CODE,init -pramtop=01000h -psmallconst=SMALLCONST \
  -pmediumconst=MEDIUMCONST -pconst=CONST -AFARRAM=00h-00h \
  -prdata=COMRAM,nvrram=COMRAM,nvbit=COMRAM,rbss=COMRAM,rbit=COMRAM \
  -pfarbss=FARRAM,fardata=FARRAM,nvFARRAM=FARRAM \
  -pintsave_regs=BIGRAM,bigbss=BIGRAM,bigdata=BIGRAM -pbss=RAM \
  -pidata=CODE,irdata=CODE,ibigdata=CODE,ifardata=CODE -prparam=COMRAM \
  C:\Users\klnla\AppData\Local\Temp\xcAsh0.0\driver_tmp_9.o \
  dist/default/debug\Sem04_LCD.X.debug.o 

Object code version is 3.11

Machine type is 18F47Q10



                Name                               Link     Load   Length Selector   Space Scale
C:\Users\klnla\AppData\Local\Temp\xcAsh0.0\driver_tmp_9.o
                config                           300000   300000        C        0       4
                init                              1FFFC    1FFFC        4     FFFE       0
                reset_vec                             0        0        4        0       0
dist/default/debug\Sem04_LCD.X.debug.o
                config                           300000   300000        C        0       4
                smallconst                         1000     1000       36      800       0
                text20                             1C8C     1C8C       1C      81B       0
                text19                             19D2     19D2       72      81B       0
                text18                             1BE2     1BE2       32      81B       0
                text17                             1B78     1B78       38      81B       0
                text16                             1AFC     1AFC       42      81B       0
                text15                             1960     1960       72      81B       0
                text14                             1A44     1A44       64      81B       0
                text13                             1578     1578      16C      81B       0
                text12                             1BB0     1BB0       32      81B       0
                text11                             18EA     18EA       76      81B       0
                text10                             1036     1036      38E      81B       0
                text9                              16E4     16E4      106      81B       0
                text8                              13C4     13C4      1B4      81B       0
                text7                              1CBA     1CBA        8      81B       0
                text6                              1CB2     1CB2        8      81B       0
                text5                              1C14     1C14       30      81B       0
                text4                              1AA8     1AA8       54      81B       0
                text3                              1B3E     1B3E       3A      81B       0
                text2                              1C6A     1C6A       22      81B       0
                text1                              1C44     1C44       26      81B       0
                text0                              17EA     17EA      100      81B       0
                cstackCOMRAM                          1        1       3F        1       1
                bssCOMRAM                            40       40        2        1       1
                cinit                              1CA8     1CA8        A      81B       0

TOTAL           Name                               Link     Load   Length     Space
        CLASS   CODE           
                init                              1FFFC    1FFFC        4         0
                reset_vec                             0        0        4         0
                text20                             1C8C     1C8C       1C         0
                text19                             19D2     19D2       72         0
                text18                             1BE2     1BE2       32         0
                text17                             1B78     1B78       38         0
                text16                             1AFC     1AFC       42         0
                text15                             1960     1960       72         0
                text14                             1A44     1A44       64         0
                text13                             1578     1578      16C         0
                text12                             1BB0     1BB0       32         0
                text11                             18EA     18EA       76         0
                text10                             1036     1036      38E         0
                text9                              16E4     16E4      106         0
                text8                              13C4     13C4      1B4         0
                text7                              1CBA     1CBA        8         0
                text6                              1CB2     1CB2        8         0
                text5                              1C14     1C14       30         0
                text4                              1AA8     1AA8       54         0
                text3                              1B3E     1B3E       3A         0
                text2                              1C6A     1C6A       22         0
                text1                              1C44     1C44       26         0
                text0                              17EA     17EA      100         0
                cinit                              1CA8     1CA8        A         0

        CLASS   CONST          

        CLASS   SMALLCONST     
                smallconst                         1000     1000       36         0

        CLASS   MEDIUMCONST    

        CLASS   COMRAM         
                cstackCOMRAM                          1        1       3F         1
                bssCOMRAM                            40       40        2         1

        CLASS   ABS1           

        CLASS   BIGRAM         

        CLASS   RAM            

        CLASS   BANK0          

        CLASS   BANK1          

        CLASS   BANK2          

        CLASS   BANK3          

        CLASS   BANK4          

        CLASS   BANK5          

        CLASS   BANK6          

        CLASS   BANK7          

        CLASS   BANK8          

        CLASS   BANK9          

        CLASS   BANK10         

        CLASS   BANK11         

        CLASS   BANK12         

        CLASS   BANK14         

        CLASS   SFR            

        CLASS   BIGSFR         

        CLASS   CONFIG         
                config                           300000   300000        C         4

        CLASS   IDLOC          

        CLASS   EEDATA         

        CLASS   FARRAM         

        CLASS   HEAP           

        CLASS   STACK          



SEGMENTS        Name                           Load    Length   Top    Selector   Space  Class

                reset_vec                      000000  000004  000004         0       0  CODE    
                cstackCOMRAM                   000001  000041  000042         1       1  COMRAM  
                smallconst                     001000  000036  001036       800       0  SMALLCON
                text10                         001036  000C8C  001CC2       81B       0  CODE    
                init                           01FFFC  000004  020000      FFFE       0  CODE    


UNUSED ADDRESS RANGES

        Name                Unused          Largest block    Delta
        BANK0            000060-0000FF               A0
        BANK1            000100-0001FF              100
        BANK10           000A00-000AFF              100
        BANK11           000B00-000BFF              100
        BANK12           000C00-000CFF              100
        BANK14           000E00-000E1E               1F
        BANK2            000200-0002FF              100
        BANK3            000300-0003FF              100
        BANK4            000400-0004FF              100
        BANK5            000500-0005FF              100
        BANK6            000600-0006FF              100
        BANK7            000700-0007FF              100
        BANK8            000800-0008FF              100
        BANK9            000900-0009FF              100
        BIGRAM           000042-000CFF              CBE
                         000E00-000E1E               1F
        BIGSFR           000D00-000DFF              100
                         000E1F-000FFF              1E1
        CODE             000004-000FFF              FFC
                         001CC2-01FFFB            1E33A
        COMRAM           000042-00005F               1E
        CONST            000004-000FFF              FFC
                         001CC2-01FFFB            1E33A
        EEDATA           310000-3103FF              400
        IDLOC            200000-2000FF              100
        MEDIUMCONST      001CC2-00FFFF             E33E
                         011000-01FFFB             EFFC
        RAM              000060-000CFF              100
                         000E00-000E1E               1F
        SFR              000D00-000DFF              100
                         000E1F-000FFF               E1
        SMALLCONST       001CC2-00FFFF              100
                         011000-01FFFB              100

                                  Symbol Table

?___fldiv                     cstackCOMRAM 000013
?___fltol                     cstackCOMRAM 00002C
?___lwdiv                     cstackCOMRAM 000006
?___lwmod                     cstackCOMRAM 000001
?___xxtofl                    cstackCOMRAM 000005
?_strlen                      cstackCOMRAM 000001
?_tomamuestra_ADC             cstackCOMRAM 000001
CURSOR_ONOFF@estado           cstackCOMRAM 000004
ENVIA_CHAR@aux                cstackCOMRAM 000003
ENVIA_CHAR@dato               cstackCOMRAM 000002
ENVIA_LCD_CMD@aux             cstackCOMRAM 000003
ENVIA_LCD_CMD@dato            cstackCOMRAM 000002
ENVIA_NIBBLE@dato             cstackCOMRAM 000001
ESCRIBE_MENSAJE2@cadena       cstackCOMRAM 000004
ESCRIBE_MENSAJE2@i            cstackCOMRAM 000007
ESCRIBE_MENSAJE2@tam          cstackCOMRAM 000006
LCD_ESCRIBE_VAR_INT@centena   cstackCOMRAM 00003B
LCD_ESCRIBE_VAR_INT@d_millar  cstackCOMRAM 000039
LCD_ESCRIBE_VAR_INT@decena    cstackCOMRAM 00003C
LCD_ESCRIBE_VAR_INT@millar    cstackCOMRAM 00003A
LCD_ESCRIBE_VAR_INT@n_digitos cstackCOMRAM 000038
LCD_ESCRIBE_VAR_INT@numero    cstackCOMRAM 000036
LCD_ESCRIBE_VAR_INT@unidad    cstackCOMRAM 00003D
LEER_LCD@aux                  cstackCOMRAM 000001
POS_CURSOR@columna            cstackCOMRAM 000004
POS_CURSOR@fila               cstackCOMRAM 000005
_ADCON0bits                   (abs)        000F5B
_ADPCH                        (abs)        000F5A
_ADRESH                       (abs)        000F5F
_ADRESL                       (abs)        000F5E
_ANSELAbits                   (abs)        000F0C
_ANSELD                       (abs)        000F21
_BORRAR_LCD                   text7        001CBA
_CURSOR_HOME                  text6        001CB2
_CURSOR_ONOFF                 text5        001C14
_ENVIA_CHAR                   text18       001BE2
_ENVIA_LCD_CMD                text12       001BB0
_ENVIA_NIBBLE                 text20       001C8C
_ESCRIBE_MENSAJE2             text16       001AFC
_LATD                         (abs)        000F85
_LATDbits                     (abs)        000F85
_LCD_CONFIG                   text4        001AA8
_LCD_ESCRIBE_VAR_INT          text13       001578
_LCD_INIT                     text3        001B3E
_LEER_LCD                     text19       0019D2
_OSCCON1                      (abs)        000ED3
_OSCEN                        (abs)        000ED7
_OSCFRQ                       (abs)        000ED9
_PORTD                        (abs)        000F8F
_POS_CURSOR                   text11       0018EA
_TRISAbits                    (abs)        000F87
_TRISD                        (abs)        000F8A
__HRAM                        (abs)        000000
__H__absolute__               __absolute__ 000000
__Habs1                       abs1         000000
__Hbank0                      bank0        000000
__Hbank1                      bank1        000000
__Hbank10                     bank10       000000
__Hbank11                     bank11       000000
__Hbank12                     bank12       000000
__Hbank14                     bank14       000000
__Hbank2                      bank2        000000
__Hbank3                      bank3        000000
__Hbank4                      bank4        000000
__Hbank5                      bank5        000000
__Hbank6                      bank6        000000
__Hbank7                      bank7        000000
__Hbank8                      bank8        000000
__Hbank9                      bank9        000000
__Hbigbss                     bigbss       000000
__Hbigdata                    bigdata      000000
__Hbigram                     bigram       000000
__Hbigsfr                     bigsfr       000000
__Hbss                        bss          000000
__HbssCOMRAM                  bssCOMRAM    000000
__Hcinit                      cinit        000000
__Hclrtext                    clrtext      000000
__Hcomram                     comram       000000
__Hconfig                     config       30000C
__Hconst                      const        000000
__HcstackCOMRAM               cstackCOMRAM 000000
__Hdata                       data         000000
__Heeprom_data                eeprom_data  000000
__Hfarbss                     farbss       000000
__Hfardata                    fardata      000000
__Hheap                       heap         000000
__Hibigdata                   ibigdata     000000
__Hidata                      idata        000000
__Hidloc                      idloc        000000
__Hifardata                   ifardata     000000
__Hinit                       init         020000
__Hintcode                    intcode      000008
__Hintcode_body               intcode_body 000000
__Hintcodelo                  intcodelo    000018
__Hintentry                   intentry     000000
__Hintret                     intret       000000
__Hintsave_regs               intsave_regs 000000
__Hirdata                     irdata       000000
__Hmediumconst                mediumconst  000000
__HnvFARRAM                   nvFARRAM     000000
__Hnvbit                      nvbit        000000
__Hnvrram                     nvrram       000000
__Hparam                      rparam       000000
__Hpowerup                    powerup      000000
__Hram                        ram          000000
__Hramtop                     ramtop       001000
__Hrbit                       rbit         000000
__Hrbss                       rbss         000000
__Hrdata                      rdata        000000
__Hreset_vec                  reset_vec    000004
__Hrparam                     rparam       000000
__Hsfr                        sfr          000000
__Hsivt_hi                    sivt_hi      000000
__Hsivt_lo                    sivt_lo      000018
__Hsmallconst                 smallconst   001036
__Hspace_0                    (abs)        020000
__Hspace_1                    (abs)        000042
__Hspace_2                    (abs)        000000
__Hspace_4                    (abs)        60000C
__Hstack                      stack        000000
__Hstruct                     struct       000000
__Htemp                       temp         000000
__Htext                       text         000000
__Htext0                      text0        000000
__Htext1                      text1        000000
__Htext10                     text10       000000
__Htext11                     text11       000000
__Htext12                     text12       000000
__Htext13                     text13       000000
__Htext14                     text14       000000
__Htext15                     text15       000000
__Htext16                     text16       000000
__Htext17                     text17       000000
__Htext18                     text18       000000
__Htext19                     text19       000000
__Htext2                      text2        000000
__Htext20                     text20       000000
__Htext3                      text3        000000
__Htext4                      text4        000000
__Htext5                      text5        000000
__Htext6                      text6        000000
__Htext7                      text7        000000
__Htext8                      text8        000000
__Htext9                      text9        000000
__LRAM                        (abs)        000001
__L__absolute__               __absolute__ 000000
__Labs1                       abs1         000000
__Lbank0                      bank0        000000
__Lbank1                      bank1        000000
__Lbank10                     bank10       000000
__Lbank11                     bank11       000000
__Lbank12                     bank12       000000
__Lbank14                     bank14       000000
__Lbank2                      bank2        000000
__Lbank3                      bank3        000000
__Lbank4                      bank4        000000
__Lbank5                      bank5        000000
__Lbank6                      bank6        000000
__Lbank7                      bank7        000000
__Lbank8                      bank8        000000
__Lbank9                      bank9        000000
__Lbigbss                     bigbss       000000
__Lbigdata                    bigdata      000000
__Lbigram                     bigram       000000
__Lbigsfr                     bigsfr       000000
__Lbss                        bss          000000
__LbssCOMRAM                  bssCOMRAM    000000
__Lcinit                      cinit        000000
__Lclrtext                    clrtext      000000
__Lcomram                     comram       000000
__Lconfig                     config       000000
__Lconst                      const        000000
__LcstackCOMRAM               cstackCOMRAM 000000
__Ldata                       data         000000
__Leeprom_data                eeprom_data  000000
__Lfarbss                     farbss       000000
__Lfardata                    fardata      000000
__Lheap                       heap         000000
__Libigdata                   ibigdata     000000
__Lidata                      idata        000000
__Lidloc                      idloc        000000
__Lifardata                   ifardata     000000
__Linit                       init         01FFFC
__Lintcode                    intcode      000008
__Lintcode_body               intcode_body 000000
__Lintcodelo                  intcodelo    000018
__Lintentry                   intentry     000000
__Lintret                     intret       000000
__Lintsave_regs               intsave_regs 000000
__Lirdata                     irdata       000000
__Lmediumconst                mediumconst  000000
__LnvFARRAM                   nvFARRAM     000000
__Lnvbit                      nvbit        000000
__Lnvrram                     nvrram       000000
__Lparam                      rparam       000000
__Lpowerup                    powerup      000000
__Lram                        ram          000000
__Lramtop                     ramtop       001000
__Lrbit                       rbit         000000
__Lrbss                       rbss         000000
__Lrdata                      rdata        000000
__Lreset_vec                  reset_vec    000000
__Lrparam                     rparam       000000
__Lsfr                        sfr          000000
__Lsivt_hi                    sivt_hi      000000
__Lsivt_lo                    sivt_lo      000018
__Lsmallconst                 smallconst   001000
__Lspace_0                    (abs)        000000
__Lspace_1                    (abs)        000000
__Lspace_2                    (abs)        000000
__Lspace_4                    (abs)        000000
__Lstack                      stack        000000
__Lstruct                     struct       000000
__Ltemp                       temp         000000
__Ltext                       text         000000
__Ltext0                      text0        000000
__Ltext1                      text1        000000
__Ltext10                     text10       000000
__Ltext11                     text11       000000
__Ltext12                     text12       000000
__Ltext13                     text13       000000
__Ltext14                     text14       000000
__Ltext15                     text15       000000
__Ltext16                     text16       000000
__Ltext17                     text17       000000
__Ltext18                     text18       000000
__Ltext19                     text19       000000
__Ltext2                      text2        000000
__Ltext20                     text20       000000
__Ltext3                      text3        000000
__Ltext4                      text4        000000
__Ltext5                      text5        000000
__Ltext6                      text6        000000
__Ltext7                      text7        000000
__Ltext8                      text8        000000
__Ltext9                      text9        000000
__S0                          (abs)        020000
__S1                          (abs)        000042
__S4                          (abs)        000000
__S5                          (abs)        000000
___fldiv                      text10       001036
___fldiv@a                    cstackCOMRAM 000017
___fldiv@aexp                 cstackCOMRAM 00002B
___fldiv@b                    cstackCOMRAM 000013
___fldiv@bexp                 cstackCOMRAM 00002A
___fldiv@grs                  cstackCOMRAM 000026
___fldiv@new_exp              cstackCOMRAM 000024
___fldiv@rem                  cstackCOMRAM 00001F
___fldiv@sign                 cstackCOMRAM 000023
___fltol                      text9        0016E4
___fltol@exp1                 cstackCOMRAM 000035
___fltol@f1                   cstackCOMRAM 00002C
___fltol@sign1                cstackCOMRAM 000034
___heap_hi                    (abs)        000000
___heap_lo                    (abs)        000000
___inthi_sp                   stack        000000
___inthi_stack_hi             stack        000000
___inthi_stack_lo             stack        000000
___intlo_sp                   stack        000000
___intlo_stack_hi             stack        000000
___intlo_stack_lo             stack        000000
___lwdiv                      text15       001960
___lwdiv@counter              cstackCOMRAM 00000C
___lwdiv@dividend             cstackCOMRAM 000006
___lwdiv@divisor              cstackCOMRAM 000008
___lwdiv@quotient             cstackCOMRAM 00000A
___lwmod                      text14       001A44
___lwmod@counter              cstackCOMRAM 000005
___lwmod@dividend             cstackCOMRAM 000001
___lwmod@divisor              cstackCOMRAM 000003
___param_bank                 (abs)        000000
___rparam_used                (abs)        000001
___sp                         stack        000000
___stack_hi                   stack        000000
___stack_lo                   stack        000000
___xxtofl                     text8        0013C4
___xxtofl@arg                 cstackCOMRAM 00000F
___xxtofl@exp                 cstackCOMRAM 00000E
___xxtofl@sign                cstackCOMRAM 00000D
___xxtofl@val                 cstackCOMRAM 000005
__accesstop                   (abs)        000060
__activetblptr                (abs)        000003
__end_of_BORRAR_LCD           text7        001CC2
__end_of_CURSOR_HOME          text6        001CBA
__end_of_CURSOR_ONOFF         text5        001C44
__end_of_ENVIA_CHAR           text18       001C14
__end_of_ENVIA_LCD_CMD        text12       001BE2
__end_of_ENVIA_NIBBLE         text20       001CA8
__end_of_ESCRIBE_MENSAJE2     text16       001B3E
__end_of_LCD_CONFIG           text4        001AFC
__end_of_LCD_ESCRIBE_VAR_INT  text13       0016E4
__end_of_LCD_INIT             text3        001B78
__end_of_LEER_LCD             text19       001A44
__end_of_POS_CURSOR           text11       001960
__end_of___fldiv              text10       0013C4
__end_of___fltol              text9        0017EA
__end_of___lwdiv              text15       0019D2
__end_of___lwmod              text14       001AA8
__end_of___xxtofl             text8        001578
__end_of__initialization      cinit        001CAC
__end_of_configuro            text2        001C8C
__end_of_main                 text0        0018EA
__end_of_strlen               text17       001BB0
__end_of_tomamuestra_ADC      text1        001C6A
__initialization              cinit        001CA8
__mediumconst                 smallconst   001000
__pbssCOMRAM                  bssCOMRAM    000040
__pcinit                      cinit        001CA8
__pcstackCOMRAM               cstackCOMRAM 000001
__psmallconst                 smallconst   001000
__ptext0                      text0        0017EA
__ptext1                      text1        001C44
__ptext10                     text10       001036
__ptext11                     text11       0018EA
__ptext12                     text12       001BB0
__ptext13                     text13       001578
__ptext14                     text14       001A44
__ptext15                     text15       001960
__ptext16                     text16       001AFC
__ptext17                     text17       001B78
__ptext18                     text18       001BE2
__ptext19                     text19       0019D2
__ptext2                      text2        001C6A
__ptext20                     text20       001C8C
__ptext3                      text3        001B3E
__ptext4                      text4        001AA8
__ptext5                      text5        001C14
__ptext6                      text6        001CB2
__ptext7                      text7        001CBA
__ptext8                      text8        0013C4
__ptext9                      text9        0016E4
__ramtop                      ramtop       001000
__smallconst                  smallconst   001000
_configuro                    text2        001C6A
_cuenta                       bssCOMRAM    000040
_main                         text0        0017EA
_strlen                       text17       001B78
_tomamuestra_ADC              text1        001C44
end_of_initialization         cinit        001CAC
intlevel0                     text         000000
intlevel1                     text         000000
intlevel2                     text         000000
intlevel3                     text         000000
isa$std                       (abs)        000001
isa$xinst                     (abs)        000000
stackhi                       (abs)        000000
stacklo                       (abs)        000000
start                         init         01FFFC
start_initialization          cinit        001CA8
strlen@a                      cstackCOMRAM 000003
strlen@s                      cstackCOMRAM 000001


MODULE INFORMATION

Module		Function		Class		Link	Load	Size
C:\Program Files\Microchip\xc8\v3.10\pic\sources\c99\common\lwmod.c
		___lwmod       		CODE           	1A44	0000	100

C:\Program Files\Microchip\xc8\v3.10\pic\sources\c99\common\lwmod.c estimated size: 100

C:\Program Files\Microchip\xc8\v3.10\pic\sources\c99\common\lwdiv.c
		___lwdiv       		CODE           	1960	0000	114

C:\Program Files\Microchip\xc8\v3.10\pic\sources\c99\common\lwdiv.c estimated size: 114

C:\Program Files\Microchip\xc8\v3.10\pic\sources\c99\common\fltol.c
		___fltol       		CODE           	16E4	0000	262

C:\Program Files\Microchip\xc8\v3.10\pic\sources\c99\common\fltol.c estimated size: 262

C:\Program Files\Microchip\xc8\v3.10\pic\sources\c99\common\xxtofl.c
		___xxtofl      		CODE           	13C4	0000	436

C:\Program Files\Microchip\xc8\v3.10\pic\sources\c99\common\xxtofl.c estimated size: 436

C:\Program Files\Microchip\xc8\v3.10\pic\sources\c99\common\sprcdiv.c
		___fldiv       		CODE           	1036	0000	910

C:\Program Files\Microchip\xc8\v3.10\pic\sources\c99\common\sprcdiv.c estimated size: 910

shared
		__initialization		CODE           	1CA8	0000	4

shared estimated size: 4

C:\Program Files\Microchip\xc8\v3.10\pic\sources\c99\common\strlen.c
		_strlen        		CODE           	1B78	0000	56

C:\Program Files\Microchip\xc8\v3.10\pic\sources\c99\common\strlen.c estimated size: 56

maincode01.c
		_configuro     		CODE           	1C6A	0000	34
		_main          		CODE           	17EA	0000	256
		_tomamuestra_ADC		CODE           	1C44	0000	38

maincode01.c estimated size: 328

LCD.c
		_ENVIA_NIBBLE  		CODE           	1C8C	0000	28
		_LCD_INIT      		CODE           	1B3E	0000	58
		_ENVIA_CHAR    		CODE           	1BE2	0000	50
		_CURSOR_HOME   		CODE           	1CB2	0000	8
		_CURSOR_ONOFF  		CODE           	1C14	0000	48
		_POS_CURSOR    		CODE           	18EA	0000	118
		_ENVIA_LCD_CMD 		CODE           	1BB0	0000	50
		_LCD_CONFIG    		CODE           	1AA8	0000	84
		_BORRAR_LCD    		CODE           	1CBA	0000	8
		_ESCRIBE_MENSAJE2		CODE           	1AFC	0000	66
		_LCD_ESCRIBE_VAR_INT		CODE           	1578	0000	364
		_LEER_LCD      		CODE           	19D2	0000	114

LCD.c estimated size: 996

